{
    "dbcan": {
        "content": [
            "sample_2_overview.tsv:md5,6c5ecb179166f0471f486d484acc8dd6",
            "sample_2_cgc_standard_out.tsv:md5,6be9ab29b289ff46cc6e4b6fe48dc3d7",
            "sample_2_substrate_prediction.tsv:md5,fe2a5ea9e19c4f1108798103547ff98d"
        ],
        "meta": {
            "nf-test": "0.9.2",
            "nextflow": "25.04.6"
        },
        "timestamp": "2026-02-03T14:10:45.29069119"
    }
}