{
    "test_taxonomy_pyrodigal": {
        "content": [
            "sample_1_short.ampir.tsv:md5,e712a287917c3dd17b5f8285d0e97133",
            "sample_1_short.ampir.faa:md5,5537c292406bc9edd7c48fb7e89666ca",
            "sample_2_short.ampir.tsv:md5,2fea760bacd9ebc2cb938c728aa4a6b9",
            "sample_2_short.ampir.faa:md5,a0a42be0f5aa3b9be5e6482ff88a6fb2",
            "sample_2_long.ampir.tsv:md5,0a1efb048004b35d93a553a0fe850678",
            "sample_2_long.ampir.faa:md5,4cbce2b01da7ebb91ed194d25209f672",
            "sample_1_short.tsv:md5,e502713430ea6ff41db5ed5f2bec0d78",
            "sample_2_short.tsv:md5,b5e627f89817ae65e965030a4dd7ba92",
            "sample_2_long.tsv:md5,73988cf4875db0d245794f47c71bc13d",
            "sample_1_short_mybacteriocin.txt.gz:md5,749bcf6140caeeeab61f654513729c6c",
            "sample_2_short_mybacteriocin.txt.gz:md5,4f8bf8ef427525c2bc995823ff14894e",
            "sample_2_long_mybacteriocin.txt.gz:md5,88155b48619f12b80723db4021dfc75a",
            "sample_1_short.smorfs.faa.gz:md5,1b5e2434860e635e95324d1804a3be7b",
            "sample_2_short.smorfs.faa.gz:md5,24404fcfc2d43eb9ea61982949fa171a",
            "sample_2_long.smorfs.faa.gz:md5,bc48062855750db65cc0f0a14c64e125",
            "sample_1_short.all_orfs.faa.gz:md5,cb2b6710eefb57e50ceac62d5b11c499",
            "sample_2_short.all_orfs.faa.gz:md5,481fb8df3f8ed67010b5152b7fe4059a",
            "sample_2_long.all_orfs.faa.gz:md5,0fac84013ec35256a136ca1e0d2cbd48",
            "sample_1_short.prediction.gz:md5,0c4b16e0838be56e012b99169863a168",
            "sample_2_short.prediction.gz:md5,2bed4ad2302371ae2a5802a9292d8a06",
            "sample_2_long.prediction.gz:md5,7167e7c0f269e2ac5935c239c2d13dfe",
            "README.md:md5,fa3706dfc95d0538a52c4d0d824be5fb",
            "README.md:md5,fa3706dfc95d0538a52c4d0d824be5fb",
            "README.md:md5,fa3706dfc95d0538a52c4d0d824be5fb",
            "sample_1_short_log.txt:md5,d41d8cd98f00b204e9800998ecf8427e",
            "sample_2_short_log.txt:md5,d41d8cd98f00b204e9800998ecf8427e",
            "sample_2_long_log.txt:md5,d41d8cd98f00b204e9800998ecf8427e",
            "sample_1_short.txt:md5,fce130af51f93cccfc09ddaf9caf623f",
            "sample_2_short.txt:md5,fce130af51f93cccfc09ddaf9caf623f",
            "sample_2_long.txt:md5,fce130af51f93cccfc09ddaf9caf623f",
            true,
            true,
            "results_summary.txt:md5,f69af9b0e18a0cfc934eb18b7e4bffe1",
            true,
            true,
            "sample_2_long.gbk:md5,cfeac04dfefac3407d5851b83d0344f0",
            true,
            "sample_2_long.genes.tsv:md5,66e3724c7e7da102bf58acd564211e8b",
            true,
            "name,contig_id,prob_macrel,prob_ampir,prob_amplify,aa_sequence,target_id,pident,evalue,Sequence,Sequence_Length,Name,Swiss_Prot_Entry,Family,Gene,Source,Activity,Protein_existence,Structure,Structure_Description,PDB_ID,Comments,Target_Organism,Hemolytic_activity,Linear/Cyclic/Branched,N-terminal_Modification,C-terminal_Modification,Other_Modifications,Stereochemistry,Cytotoxicity,Binding_Traget,Pubmed_ID,Reference,Author,Title"
        ],
        "meta": {
            "nf-test": "0.8.4",
            "nextflow": "24.04.1"
        },
        "timestamp": "2024-05-27T15:26:31.506445475"
    }
}