{
    "antismash_css": {
        "content": [
            [
                "bacteria.css:md5,e5b4d3ceaa91b03f6393d9b3d5f072e7"
            ]
        ],
        "meta": {
            "nf-test": "0.9.2",
            "nextflow": "25.04.6"
        },
        "timestamp": "2025-07-08T14:06:24.158167102"
    },
    "deepbgc_bgc_gbk": {
        "content": [
            "sample_2.bgc.gbk:md5,a22271277ced910adede93fe202a7008"
        ],
        "meta": {
            "nf-test": "0.9.2",
            "nextflow": "25.10.0"
        },
        "timestamp": "2025-12-17T11:16:13.022611618"
    },
    "gecco": {
        "content": [
            "sample_2.genes.tsv:md5,4e45a9882d7b9d5510fefe9f34329a96",
            "sample_2.features.tsv:md5,b64ad7a5cb4af9971b1bd4b379ff2486",
            "sample_2.clusters.tsv:md5,61a89e5684004b6c4e7b943c373e8d1e",
            "sample_2.clusters.gff:md5,3caa3574e1be1ac5a0e1d80f01bacddd"
        ],
        "meta": {
            "nf-test": "0.9.2",
            "nextflow": "25.10.0"
        },
        "timestamp": "2025-12-17T11:20:47.603380605"
    }
}