{
    "dbcan_cazyme_annotation": {
        "content": [
            "sample_1_overview.tsv:md5,91ffdad866503e16ddc284dd0316708e",
            true,
            true,
            true,
            true
        ],
        "meta": {
            "nf-test": "0.9.2",
            "nextflow": "25.10.4"
        },
        "timestamp": "2026-05-21T08:46:11.455283402"
    },
    "dbcan_substrate": {
        "content": [
            "sample_3_substrate_prediction.tsv:md5,fe2a5ea9e19c4f1108798103547ff98d",
            true,
            true,
            true
        ],
        "meta": {
            "nf-test": "0.9.2",
            "nextflow": "25.10.4"
        },
        "timestamp": "2026-03-20T11:35:42.874618198"
    },
    "dbcan_cgc": {
        "content": [
            "sample_3_cgc_standard_out.tsv:md5,e0c5be2f4935fd0a655efe932df0266e",
            true,
            true,
            true,
            true
        ],
        "meta": {
            "nf-test": "0.9.2",
            "nextflow": "25.10.4"
        },
        "timestamp": "2026-05-21T08:46:11.492486953"
    }
}