{
    "abricate": {
        "content": [
            true,
            true
        ],
        "meta": {
            "nf-test": "0.9.0",
            "nextflow": "24.04.3"
        },
        "timestamp": "2024-07-24T13:05:30.025771"
    },
    "fargene": {
        "content": [
            "results_summary.txt:md5,f69af9b0e18a0cfc934eb18b7e4bffe1",
            true,
            true
        ],
        "meta": {
            "nf-test": "0.9.0",
            "nextflow": "24.04.3"
        },
        "timestamp": "2024-07-24T13:05:30.025771"
    },
    "rgi": {
        "content": [
            "sample_1.txt:md5,fce130af51f93cccfc09ddaf9caf623f",
            "sample_2.txt:md5,fce130af51f93cccfc09ddaf9caf623f"
        ],
        "meta": {
            "nf-test": "0.9.0",
            "nextflow": "24.04.3"
        },
        "timestamp": "2024-07-24T13:05:30.025771"
    },
    "ampir": {
        "content": [
            true,
            true,
            true,
            true
        ],
        "meta": {
            "nf-test": "0.9.0",
            "nextflow": "24.04.3"
        },
        "timestamp": "2024-07-24T13:05:30.025771"
    },
    "gecco": {
        "content": [
            true,
            true
        ],
        "meta": {
            "nf-test": "0.9.0",
            "nextflow": "24.04.3"
        },
        "timestamp": "2024-07-24T13:05:30.025771"
    },
    "ampcombi": {
        "content": [
            true
        ],
        "meta": {
            "nf-test": "0.9.0",
            "nextflow": "24.04.3"
        },
        "timestamp": "2024-07-24T13:05:30.025771"
    },
    "antismash": {
        "content": [
            true,
            true
        ],
        "meta": {
            "nf-test": "0.9.0",
            "nextflow": "24.04.3"
        },
        "timestamp": "2024-07-24T13:05:30.025771"
    },
    "amplify": {
        "content": [
            true,
            true
        ],
        "meta": {
            "nf-test": "0.9.0",
            "nextflow": "24.04.3"
        },
        "timestamp": "2024-07-24T13:05:06.451885596"
    },
    "macrel": {
        "content": [
            "sample_1.macrel.smorfs.faa.gz:md5,1b5e2434860e635e95324d1804a3be7b",
            "sample_2.macrel.smorfs.faa.gz:md5,38108b5cdfdc2196afe67418b9b04682",
            "sample_1.macrel.all_orfs.faa.gz:md5,844bb10e2f84e1a2b2db56eb36391dcf",
            "sample_2.macrel.all_orfs.faa.gz:md5,9c0b8b1c3b03d7b20aee0b57103861ab",
            "sample_1.macrel.prediction.gz:md5,9553e1dae8a5b912da8d74fa3f1cd9eb",
            "sample_2.macrel.prediction.gz:md5,ae155e454eb7abd7c48c06aad9261603",
            "README.md:md5,cf088d9256ff7b7730699f17b64b4028",
            "README.md:md5,cf088d9256ff7b7730699f17b64b4028",
            "sample_1.macrel_log.txt:md5,d41d8cd98f00b204e9800998ecf8427e",
            "sample_2.macrel_log.txt:md5,d41d8cd98f00b204e9800998ecf8427e"
        ],
        "meta": {
            "nf-test": "0.9.0",
            "nextflow": "24.04.3"
        },
        "timestamp": "2024-07-24T13:05:30.025771"
    }
}