{
    "test_taxonomy_pyrodigal": {
        "content": [
            "sample_1.ampir.tsv:md5,e712a287917c3dd17b5f8285d0e97133",
            "sample_1.ampir.faa:md5,5537c292406bc9edd7c48fb7e89666ca",
            "sample_2.ampir.tsv:md5,7f364169dbd9436be9dc317b99b250ab",
            "sample_2.ampir.faa:md5,10703626fac93067725cfbcd5dd24f0b",
            "sample_1.amplify.tsv:md5,b8385e808a32a6c97a18ea3d794da72a",
            "sample_2.amplify.tsv:md5,dd95c7c3287f73b1eae9c1fe1cc7f261",
            "sample_1_mybacteriocin.hmmer_hmmsearch.txt.gz:md5,bf94cbabae13c22b8726011a8f0fc7ad",
            "sample_2_mybacteriocin.hmmer_hmmsearch.txt.gz:md5,69e12c52c02ddea4d0d609477577c50c",
            "sample_1.macrel.smorfs.faa.gz:md5,1b5e2434860e635e95324d1804a3be7b",
            "sample_2.macrel.smorfs.faa.gz:md5,38108b5cdfdc2196afe67418b9b04682",
            "sample_1.macrel.all_orfs.faa.gz:md5,86f6b3b590d1b22d9c5aa164f8a14080",
            "sample_2.macrel.all_orfs.faa.gz:md5,fdb384925af50ecade05dccaff68afd8",
            "sample_1.macrel.prediction.gz:md5,0c4b16e0838be56e012b99169863a168",
            "sample_2.macrel.prediction.gz:md5,440deffd6b6d9986ce098e44c66db9ae",
            "README.md:md5,fa3706dfc95d0538a52c4d0d824be5fb",
            "README.md:md5,fa3706dfc95d0538a52c4d0d824be5fb",
            "sample_1.macrel_log.txt:md5,d41d8cd98f00b204e9800998ecf8427e",
            "sample_2.macrel_log.txt:md5,d41d8cd98f00b204e9800998ecf8427e",
            "sample_1.txt:md5,fce130af51f93cccfc09ddaf9caf623f",
            "sample_2.txt:md5,fce130af51f93cccfc09ddaf9caf623f",
            true,
            true,
            "results_summary.txt:md5,f69af9b0e18a0cfc934eb18b7e4bffe1",
            true,
            true,
            "sample_2.gbk:md5,bf3a3bc4c1a19a876491a193ca9e82dc",
            true,
            "sample_2.genes.tsv:md5,1fc51bc0ec900638d5e9ea58d1770bd2",
            true,
            true
        ],
        "meta": {
            "nf-test": "0.8.4",
            "nextflow": "24.04.2"
        },
        "timestamp": "2024-06-26T15:23:00.452438109"
    }
}