{
    "ampir": {
        "content": [
            "sample_1.ampir.tsv:md5,9073f195794713630a1978d04b518e0c",
            "sample_1.ampir.faa:md5,5537c292406bc9edd7c48fb7e89666ca",
            "sample_2.ampir.tsv:md5,35e6cc94ed24ecd5a11467030aa60fbd",
            "sample_2.ampir.faa:md5,10703626fac93067725cfbcd5dd24f0b"
        ],
        "meta": {
            "nf-test": "0.8.4",
            "nextflow": "24.04.2"
        },
        "timestamp": "2024-06-24T13:15:19.075686547"
    },
    "amplify": {
        "content": [
            "sample_1.amplify.tsv:md5,e502713430ea6ff41db5ed5f2bec0d78",
            "sample_2.amplify.tsv:md5,0c6b84ae31aee23fc9fcd7452d4ed80d"
        ],
        "meta": {
            "nf-test": "0.8.4",
            "nextflow": "24.04.2"
        },
        "timestamp": "2024-06-24T13:15:19.117467111"
    }
}